( 0)  (program,example5,-,-)
( 1)  (:= ,  5  ,  -  ,  A)
( 2)  (:= ,  4  ,  -  ,  B)
( 3)  (:= ,  3  ,  -  ,  C)
( 4)  (:= ,  2  ,  -  ,  D)
( 5)  (:= ,  1  ,  -  ,  W)
( 6)  (j>=,  W ,  1  ,  8)
( 7)  (j  ,  -  ,  -  , 13)
( 8)  (*  ,  B ,  C ,  T1)
( 9)  (/  ,  B ,  D ,  T2)
(10)  (+  , T1 ,  T2 ,  T3)
(11)  (:= ,  T3 ,  -  ,  A)
(12)  (j  ,  - ,  -  ,  17)
(13)  (-  ,  A , 1  ,  T4)
(14)  (:= ,  T4 ,  -  ,  A)
(15)  (j< ,  A ,  0  , 17)
(16)  (j  ,  -  ,  -  , 13)
(17)  (sys ,  -  ,  -  , -)